error: #[query]: function is expected
 --> $DIR/not_function.rs:4:1
  |
4 | struct A;
  | ^^^^^^
